0 0.000000e+00 1.000000e-12 0 single_file little rho vx1 vx2 vx3 prs 
1 9.966795e-07 5.333385e-09 341 single_file little rho vx1 vx2 vx3 prs 
2 1.994974e-06 5.119343e-09 532 single_file little rho vx1 vx2 vx3 prs 
3 2.996001e-06 5.143151e-09 727 single_file little rho vx1 vx2 vx3 prs 
4 3.998373e-06 5.124069e-09 924 single_file little rho vx1 vx2 vx3 prs 
5 5.000000e-06 4.731381e-09 1122 single_file little rho vx1 vx2 vx3 prs 
